       1                                ;Test for ADCB(Ming), add the content of the C-bit into the destination(high byte or low byte).
       2 000000 000070                  A: .WORD 000070
       3 000002 000400                  B: .WORD 000400
       4                                
       5 000004 016701  177770          START: MOV A, R1 ;R1 = 000070
       6 000010 105501                         ADCB R1 ;R1 = 000070 assume previous C-bit is 0
       7 000012 016701  177762                 MOV A, R1
       8 000016 105511                         ADCB (R1)
       9 000020 105521                         ADCB (R1)+ ;R1 = 000071
      10 000022 105531                         ADCB @(R1)+ ;R1 = 000072
      11 000024 105541                         ADCB -(R1) ;R1 = 000071
      12 000026 105551                         ADCB @-(R1) ; R1 = 000070
      13 000030 105567  000000'                ADCB 8(R1)
      14 000034 105577  000000'                ADCB @8(R1)
      15                                       
      16 000040 105527  000050                 ADCB #000050 ;000050(not sure) assume previous C-bit is 0
      17 000044 105537  000100                 ADCB @#100
      18 000050 105567  177724                 ADCB A ;Relative: A = 000070(not sure)
      19 000054 105577  177722                 ADCB @B ;Relative deferred: add C-bit to the content(lowest byte(7:0)) of address 000400
      20 000060 000000                  	   HALT
      21                                
      21                                .END START
