       1                                ;Test for ROLB(Ming), rotate all bits of one byte to right. Bit 15 or Bit 7 is loaded to C-bit and previous C-bit is loaded to bit 8 or bit 0.
       2 000000 000070                  A: .WORD 000070
       3 000002 000400                  B: .WORD 000400
       4                                
       5 000004 016701  177770          START: MOV A, R1 ;R1 = 000070
       6 000010 106101                         ROLB R1 ;R1 = 000170 assume previous C-bit is 0
       7 000012 016701  177762                 MOV A, R1
       8 000016 106111                         ROLB (R1)
       9 000020 106121                         ROLB (R1)+ ;R1 = 000071
      10 000022 106131                         ROLB @(R1)+ ;R1 = 000072
      11 000024 106141                         ROLB -(R1) ;R1 = 000071
      12 000026 106151                         ROLB @-(R1) ; R1 = 000070
      13 000030 106167  000000'                ROLB 8(R1)
      14 000034 106177  000000'                ROLB @8(R1)
      15                                       
      16 000040 106127  000050                 ROLB #000050 ;000120(not sure) assume previous C-bit is 0
      17 000044 106137  000100                 ROLB @#100
      18 000050 106167  177724                 ROLB A ;Relative: A = 000170(not sure)
      19 000054 106177  177722                 ROLB @B ;Relative deferred: rotate content(lowest byte (7:0)) of address 000400 to left 1 bit.(not sure)
      20 000060 000000                  	   HALT
      21                                
      21                                .END START
