       1                                ;Test for ROR(Ming), rotate all bits of the destination right one place. Bit 0 is loaded into C-bit and previous C-bit is loaded into bit 15.
       2 000000 000070                  A: .WORD 000070
       3 000002 000400                  B: .WORD 000400
       4                                
       5 000004 016701  177770          START: MOV A, R1 ;R1 = 000070
       6 000010 006001                         ROR R1 ;R1 = 000034 assume previous C-bit is 0
       7 000012 016701  177762                 MOV A, R1
       8 000016 006011                         ROR (R1)
       9 000020 006021                         ROR (R1)+ ;R1 = 000072
      10 000022 006031                         ROR @(R1)+ ;R1 = 000074
      11 000024 006041                         ROR -(R1) ;R1 = 000072
      12 000026 006051                         ROR @-(R1) ; R1 = 000070
      13 000030 006067  000000'                ROR 8(R1)
      14 000034 006077  000000'                ROR @8(R1)
      15                                       
      16 000040 006027  000050                 ROR #000050 ;000024(not sure) assume previous C-bit is 0
      17 000044 006037  000100                 ROR @#100
      18 000050 006067  177724                 ROR A ;Relative: A = 000034(not sure)
      19 000054 006077  177722                 ROR @B ;Relative deferred: rotate content of address 000400 to right 1 bit.(not sure)
      20 000060 000000                  	   HALT
      21                                
      21                                .END START
